******************************************************************************
                  TI ARM Linker PC v20.2.7                     
******************************************************************************
>> Linked Wed Feb 14 00:06:16 2024

OUTPUT FILE NAME:   <AUTOSAR_Project.out>
ENTRY POINT SYMBOL: "_c_int00_noargs"  address: 000017ad


MEMORY CONFIGURATION

         name            origin    length      used     unused   attr    fill
----------------------  --------  ---------  --------  --------  ----  --------
  FLASH                 00000000   00040000  000019f2  0003e60e  R  X
  SRAM                  20000000   00008000  00000220  00007de0  RW X


SEGMENT ALLOCATION MAP

run origin  load origin   length   init length attrs members
----------  ----------- ---------- ----------- ----- -------
00000000    00000000    000019f8   000019f8    r-x
  00000000    00000000    0000026c   0000026c    r-- .intvecs
  0000026c    0000026c    000015f2   000015f2    r-x .text
  0000185e    0000185e    0000015c   0000015c    r-- .const
  000019c0    000019c0    00000038   00000038    r-- .cinit
20000000    20000000    00000220   00000000    rw-
  20000000    20000000    00000200   00000000    rw- .stack
  20000200    20000200    00000018   00000000    rw- .data
  20000218    20000218    00000008   00000000    rw- .bss


SECTION ALLOCATION MAP

 output                                  attributes/
section   page    origin      length       input sections
--------  ----  ----------  ----------   ----------------
.intvecs   0    00000000    0000026c     
                  00000000    0000026c     tm4c123gh6pm_startup_ccs.obj (.intvecs)

.text      0    0000026c    000015f2     
                  0000026c    00000e70     Port.obj (.text)
                  000010dc    0000030c     Dio.obj (.text)
                  000013e8    000000c0     Button.obj (.text)
                  000014a8    000000a8     Os.obj (.text)
                  00001550    0000009c     rtsv7M4_T_le_v4SPD16_eabi.lib : memcpy_t2.asm.obj (.text)
                  000015ec    0000007c     Gpt.obj (.text)
                  00001668    00000068     rtsv7M4_T_le_v4SPD16_eabi.lib : copy_decompress_lzss.c.obj (.text:decompress:lzss:__TI_decompress_lzss)
                  000016d0    00000058     App.obj (.text)
                  00001728    00000044     rtsv7M4_T_le_v4SPD16_eabi.lib : autoinit.c.obj (.text:__TI_auto_init_nobinit_nopinit:__TI_auto_init_nobinit_nopinit)
                  0000176c    00000040     Led.obj (.text)
                  000017ac    00000034     rtsv7M4_T_le_v4SPD16_eabi.lib : boot_cortex_m.c.obj (.text:_c_int00_noargs:_c_int00_noargs)
                  000017e0    00000020     Mcu.obj (.text)
                  00001800    0000001c     rtsv7M4_T_le_v4SPD16_eabi.lib : copy_zero_init.c.obj (.text:decompress:ZI:__TI_zero_init_nomemset:__TI_zero_init_nomemset)
                  0000181c    00000016     Det.obj (.text)
                  00001832    0000000e     rtsv7M4_T_le_v4SPD16_eabi.lib : copy_decompress_none.c.obj (.text:decompress:none:__TI_decompress_none)
                  00001840    0000000c     tm4c123gh6pm_startup_ccs.obj (.text)
                  0000184c    0000000a     main.obj (.text)
                  00001856    00000004     rtsv7M4_T_le_v4SPD16_eabi.lib : pre_init.c.obj (.text:_system_pre_init)
                  0000185a    00000004                                   : exit.c.obj (.text:abort:abort)

.const     0    0000185e    0000015c     
                  0000185e    00000158     Port_PBcfg.obj (.const:Port_Configuration)
                  000019b6    00000004     Dio_PBcfg.obj (.const:Dio_Configuration)

.cinit     0    000019c0    00000038     
                  000019c0    00000011     (.cinit..data.load) [load image, compression = lzss]
                  000019d1    00000003     --HOLE-- [fill = 0]
                  000019d4    0000000c     (__TI_handler_table)
                  000019e0    00000008     (.cinit..bss.load) [load image, compression = zero_init]
                  000019e8    00000010     (__TI_cinit_table)

.init_array 
*          0    00000000    00000000     UNINITIALIZED

.data      0    20000200    00000018     UNINITIALIZED
                  20000200    00000008     Port.obj (.data)
                  20000208    00000005     Dio.obj (.data)
                  2000020d    00000003     Button.obj (.data)
                  20000210    00000004     Gpt.obj (.data)
                  20000214    00000002     App.obj (.data)
                  20000216    00000002     Os.obj (.data)

.bss       0    20000218    00000008     UNINITIALIZED
                  20000218    00000008     Button.obj (.bss:g_Button_Config)

.stack     0    20000000    00000200     UNINITIALIZED
                  20000000    00000004     rtsv7M4_T_le_v4SPD16_eabi.lib : boot_cortex_m.c.obj (.stack)
                  20000004    000001fc     --HOLE--

__llvm_prf_cnts 
*          0    20000000    00000000     UNINITIALIZED

MODULE SUMMARY

       Module                         code   ro data   rw data
       ------                         ----   -------   -------
    .\
       Port.obj                       3696   0         8      
       Dio.obj                        780    0         5      
       tm4c123gh6pm_startup_ccs.obj   12     620       0      
       Port_PBcfg.obj                 0      344       0      
       Button.obj                     192    0         11     
       Os.obj                         168    0         2      
       Gpt.obj                        124    0         4      
       App.obj                        88     0         2      
       Led.obj                        64     0         0      
       Mcu.obj                        32     0         0      
       Det.obj                        22     0         0      
       main.obj                       10     0         0      
       Dio_PBcfg.obj                  0      4         0      
    +--+------------------------------+------+---------+---------+
       Total:                         5188   968       32     
                                                              
    D:\Code Composer\ccs\tools\compiler\ti-cgt-arm_20.2.7.LTS\lib\rtsv7M4_T_le_v4SPD16_eabi.lib
       memcpy_t2.asm.obj              156    0         0      
       copy_decompress_lzss.c.obj     104    0         0      
       autoinit.c.obj                 68     0         0      
       boot_cortex_m.c.obj            52     0         0      
       copy_zero_init.c.obj           28     0         0      
       copy_decompress_none.c.obj     14     0         0      
       exit.c.obj                     4      0         0      
       pre_init.c.obj                 4      0         0      
    +--+------------------------------+------+---------+---------+
       Total:                         430    0         0      
                                                              
       Stack:                         0      0         512    
       Linker Generated:              0      53        0      
    +--+------------------------------+------+---------+---------+
       Grand Total:                   5618   1021      544    


LINKER GENERATED COPY TABLES

__TI_cinit_table @ 000019e8 records: 2, size/record: 8, table size: 16
	.data: load addr=000019c0, load size=00000011 bytes, run addr=20000200, run size=00000018 bytes, compression=lzss
	.bss: load addr=000019e0, load size=00000008 bytes, run addr=20000218, run size=00000008 bytes, compression=zero_init


LINKER GENERATED HANDLER TABLE

__TI_handler_table @ 000019d4 records: 3, size/record: 4, table size: 12
	index: 0, handler: __TI_decompress_lzss
	index: 1, handler: __TI_decompress_none
	index: 2, handler: __TI_zero_init


GLOBAL SYMBOLS: SORTED ALPHABETICALLY BY Name 

address   name                          
-------   ----                          
000016f7  App_Task                      
00001417  Button_GetState               
00001409  Button_Init                   
0000141d  Button_RefreshState           
000016e7  Button_Task                   
0000185b  C$$EXIT                       
0000181d  Det_ReportError               
000019b6  Dio_Configuration             
000012bb  Dio_FlipChannel               
000010dd  Dio_Init                      
000011e1  Dio_ReadChannel               
00001101  Dio_WriteChannel              
000016d1  Init_Task                     
0000176d  Led_Init                      
00001787  Led_RefreshOutput             
0000177b  Led_SetOff                    
0000176f  Led_SetOn                     
000016ef  Led_Task                      
0000179f  Led_Toggle                    
000017e1  Mcu_Init                      
000014c3  Os_NewTimerTick               
000014d3  Os_Scheduler                  
000014a9  Os_start                      
0000185e  Port_Configuration            
00000f4d  Port_GetVersionInfo           
0000026d  Port_Init                     
00000f99  Port_RefreshPortDirection     
0000095d  Port_SetPinDirection          
00000a4d  Port_SetPinMode               
00001841  ResetISR                      
000015ed  SysTick_Handler               
00001645  SysTick_SetCallBack           
000015fd  SysTick_Start                 
0000163d  SysTick_Stop                  
20000200  __STACK_END                   
00000200  __STACK_SIZE                  
20000200  __STACK_TOP                   
000019e8  __TI_CINIT_Base               
000019f8  __TI_CINIT_Limit              
000019d4  __TI_Handler_Table_Base       
000019e0  __TI_Handler_Table_Limit      
00001729  __TI_auto_init_nobinit_nopinit
00001669  __TI_decompress_lzss          
00001833  __TI_decompress_none          
ffffffff  __TI_pprof_out_hndl           
ffffffff  __TI_prof_data_size           
ffffffff  __TI_prof_data_start          
00000000  __TI_static_base__            
00001801  __TI_zero_init_nomemset       
00001551  __aeabi_memcpy                
00001551  __aeabi_memcpy4               
00001551  __aeabi_memcpy8               
ffffffff  __binit__                     
ffffffff  __c_args__                    
UNDEFED   __mpu_init                    
20000000  __stack                       
20000000  __start___llvm_prf_cnts       
20000000  __stop___llvm_prf_cnts        
000017ad  _c_int00_noargs               
UNDEFED   _system_post_cinit            
00001857  _system_pre_init              
0000185b  abort                         
ffffffff  binit                         
00000000  g_pfnVectors                  
0000184d  main                          
00001551  memcpy                        


GLOBAL SYMBOLS: SORTED BY Symbol Address 

address   name                          
-------   ----                          
00000000  __TI_static_base__            
00000000  g_pfnVectors                  
00000200  __STACK_SIZE                  
0000026d  Port_Init                     
0000095d  Port_SetPinDirection          
00000a4d  Port_SetPinMode               
00000f4d  Port_GetVersionInfo           
00000f99  Port_RefreshPortDirection     
000010dd  Dio_Init                      
00001101  Dio_WriteChannel              
000011e1  Dio_ReadChannel               
000012bb  Dio_FlipChannel               
00001409  Button_Init                   
00001417  Button_GetState               
0000141d  Button_RefreshState           
000014a9  Os_start                      
000014c3  Os_NewTimerTick               
000014d3  Os_Scheduler                  
00001551  __aeabi_memcpy                
00001551  __aeabi_memcpy4               
00001551  __aeabi_memcpy8               
00001551  memcpy                        
000015ed  SysTick_Handler               
000015fd  SysTick_Start                 
0000163d  SysTick_Stop                  
00001645  SysTick_SetCallBack           
00001669  __TI_decompress_lzss          
000016d1  Init_Task                     
000016e7  Button_Task                   
000016ef  Led_Task                      
000016f7  App_Task                      
00001729  __TI_auto_init_nobinit_nopinit
0000176d  Led_Init                      
0000176f  Led_SetOn                     
0000177b  Led_SetOff                    
00001787  Led_RefreshOutput             
0000179f  Led_Toggle                    
000017ad  _c_int00_noargs               
000017e1  Mcu_Init                      
00001801  __TI_zero_init_nomemset       
0000181d  Det_ReportError               
00001833  __TI_decompress_none          
00001841  ResetISR                      
0000184d  main                          
00001857  _system_pre_init              
0000185b  C$$EXIT                       
0000185b  abort                         
0000185e  Port_Configuration            
000019b6  Dio_Configuration             
000019d4  __TI_Handler_Table_Base       
000019e0  __TI_Handler_Table_Limit      
000019e8  __TI_CINIT_Base               
000019f8  __TI_CINIT_Limit              
20000000  __stack                       
20000000  __start___llvm_prf_cnts       
20000000  __stop___llvm_prf_cnts        
20000200  __STACK_END                   
20000200  __STACK_TOP                   
ffffffff  __TI_pprof_out_hndl           
ffffffff  __TI_prof_data_size           
ffffffff  __TI_prof_data_start          
ffffffff  __binit__                     
ffffffff  __c_args__                    
ffffffff  binit                         
UNDEFED   __mpu_init                    
UNDEFED   _system_post_cinit            

[66 symbols]
